MENU PRINCIPAL
1 - Abrir
2 - Guardar
3 - Gestão de clientes
4 - Gestão de terminais
5 - Menu de consultas
6 - Ver saldo global
0 - Sair
Escolha uma opção: GESTÃO DE CLIENTES
1 - Visualizar cliente
2 - Visualizar todos os clientes
3 - Registar cliente
4 - Activar notificações
5 - Desactivar notificações
6 - Mostrar saldo de cliente
0 - Sair
Escolha uma opção: MENU PRINCIPAL
1 - Abrir
2 - Guardar
3 - Gestão de clientes
4 - Gestão de terminais
5 - Menu de consultas
6 - Ver saldo global
0 - Sair
Escolha uma opção: GESTÃO DE TERMINAIS
1 - Mostrar todos os terminais
2 - Registar terminal
3 - Operações de terminal
0 - Sair
Escolha uma opção: MENU PRINCIPAL
1 - Abrir
2 - Guardar
3 - Gestão de clientes
4 - Gestão de terminais
5 - Menu de consultas
6 - Ver saldo global
0 - Sair
Escolha uma opção: CONSULTAS
1 - Mostrar todas as comunicações
2 - Mostrar comunicações feitas por um cliente
3 - Mostrar comunicações recebidas por um cliente
4 - Mostrar clientes sem dívidas
5 - Mostrar clientes com dívidas
6 - Mostrar terminais sem actividade
7 - Mostrar terminais com saldo positivo
0 - Sair
Escolha uma opção: MENU PRINCIPAL
1 - Abrir
2 - Guardar
3 - Gestão de clientes
4 - Gestão de terminais
5 - Menu de consultas
6 - Ver saldo global
0 - Sair
Escolha uma opção: 